// Jest Snapshot v1, https://goo.gl/fbAQLP

exports[`Rod component should match exact snapshot 1`] = `
<div
  className="probe"
  style={null}
>
  <b />
  <canvas
    className="off"
    onTransitionEnd={[Function]}
  />
</div>
`;
